{
  "version": "1.5.0",
  "plugins_used": [
    {
      "name": "ArtifactoryDetector"
    },
    {
      "name": "AWSKeyDetector"
    },
    {
      "name": "AzureStorageKeyDetector"
    },
    {
      "name": "Base64HighEntropyString",
      "limit": 4.5
    },
    {
      "name": "BasicAuthDetector"
    },
    {
      "name": "CloudantDetector"
    },
    {
      "name": "DiscordBotTokenDetector"
    },
    {
      "name": "GitHubTokenDetector"
    },
    {
      "name": "GitLabTokenDetector"
    },
    {
      "name": "HexHighEntropyString",
      "limit": 3.0
    },
    {
      "name": "IbmCloudIamDetector"
    },
    {
      "name": "IbmCosHmacDetector"
    },
    {
      "name": "IPPublicDetector"
    },
    {
      "name": "JwtTokenDetector"
    },
    {
      "name": "KeywordDetector",
      "keyword_exclude": ""
    },
    {
      "name": "MailchimpDetector"
    },
    {
      "name": "NpmDetector"
    },
    {
      "name": "OpenAIDetector"
    },
    {
      "name": "PrivateKeyDetector"
    },
    {
      "name": "PypiTokenDetector"
    },
    {
      "name": "SendGridDetector"
    },
    {
      "name": "SlackDetector"
    },
    {
      "name": "SoftlayerDetector"
    },
    {
      "name": "SquareOAuthDetector"
    },
    {
      "name": "StripeDetector"
    },
    {
      "name": "TelegramBotTokenDetector"
    },
    {
      "name": "TwilioKeyDetector"
    }
  ],
  "filters_used": [
    {
      "path": "detect_secrets.filters.allowlist.is_line_allowlisted"
    },
    {
      "path": "detect_secrets.filters.common.is_baseline_file",
      "filename": ".secrets.baseline"
    },
    {
      "path": "detect_secrets.filters.common.is_ignored_due_to_verification_policies",
      "min_level": 2
    },
    {
      "path": "detect_secrets.filters.heuristic.is_indirect_reference"
    },
    {
      "path": "detect_secrets.filters.heuristic.is_likely_id_string"
    },
    {
      "path": "detect_secrets.filters.heuristic.is_lock_file"
    },
    {
      "path": "detect_secrets.filters.heuristic.is_not_alphanumeric_string"
    },
    {
      "path": "detect_secrets.filters.heuristic.is_potential_uuid"
    },
    {
      "path": "detect_secrets.filters.heuristic.is_prefixed_with_dollar_sign"
    },
    {
      "path": "detect_secrets.filters.heuristic.is_sequential_string"
    },
    {
      "path": "detect_secrets.filters.heuristic.is_swagger_file"
    },
    {
      "path": "detect_secrets.filters.heuristic.is_templated_secret"
    },
    {
      "path": "detect_secrets.filters.regex.should_exclude_file",
      "pattern": [
        "^uv\\.lock$",
        "^\\.secrets\\.baseline$"
      ]
    }
  ],
  "results": {
    ".github/workflows/ci.yml": [
      {
        "type": "Hex High Entropy String",
        "filename": ".github/workflows/ci.yml",
        "hashed_secret": "0d393f618f89117fb6391d4a0f96fc9001a12d23",
        "is_verified": false,
        "line_number": 109,
        "is_secret": false
      }
    ],
    ".gitleaks.toml": [
      {
        "type": "Hex High Entropy String",
        "filename": ".gitleaks.toml",
        "hashed_secret": "1bfd4aefa74d46717ac38a186d4adf8e5805e1e6",
        "is_verified": false,
        "line_number": 15,
        "is_secret": false
      }
    ],
    ".pre-commit-config.yaml": [
      {
        "type": "Hex High Entropy String",
        "filename": ".pre-commit-config.yaml",
        "hashed_secret": "26f89e75489173ffe046cc843b9a983e65020901",
        "is_verified": false,
        "line_number": 12,
        "is_secret": false
      },
      {
        "type": "Hex High Entropy String",
        "filename": ".pre-commit-config.yaml",
        "hashed_secret": "76e7f247fd6692a1d0912ab6adb4b4016e8eaf53",
        "is_verified": false,
        "line_number": 26,
        "is_secret": false
      },
      {
        "type": "Hex High Entropy String",
        "filename": ".pre-commit-config.yaml",
        "hashed_secret": "4dd661c3261716cbe9d24ab0fb9b6247ef0979c3",
        "is_verified": false,
        "line_number": 34,
        "is_secret": false
      },
      {
        "type": "Hex High Entropy String",
        "filename": ".pre-commit-config.yaml",
        "hashed_secret": "0f2a11c127d082ac7f3cae33276159ad31c68b7a",
        "is_verified": false,
        "line_number": 84,
        "is_secret": false
      },
      {
        "type": "Hex High Entropy String",
        "filename": ".pre-commit-config.yaml",
        "hashed_secret": "f2a110bbe7ce45aff1db6f4579731bc56572c8b8",
        "is_verified": false,
        "line_number": 89,
        "is_secret": false
      },
      {
        "type": "Hex High Entropy String",
        "filename": ".pre-commit-config.yaml",
        "hashed_secret": "d701b1bb65920a43a5940d2b466dbbaa6df956fc",
        "is_verified": false,
        "line_number": 97,
        "is_secret": false
      },
      {
        "type": "Hex High Entropy String",
        "filename": ".pre-commit-config.yaml",
        "hashed_secret": "e9813e6586c564a8510a16f4355509f28c346efc",
        "is_verified": false,
        "line_number": 104,
        "is_secret": false
      }
    ],
    "assets/blog/PUBLISHING.md": [
      {
        "type": "Base64 High Entropy String",
        "filename": "assets/blog/PUBLISHING.md",
        "hashed_secret": "3ea5674b3c40cb9634902fa2f6d33a84d6bcd78a",
        "is_verified": false,
        "line_number": 123,
        "is_secret": false
      }
    ],
    "tests/unit/test_cache.py": [
      {
        "type": "Hex High Entropy String",
        "filename": "tests/unit/test_cache.py",
        "hashed_secret": "1bfd4aefa74d46717ac38a186d4adf8e5805e1e6",
        "is_verified": false,
        "line_number": 50,
        "is_secret": false
      }
    ]
  },
  "generated_at": "2026-10-02T07:36:43Z"
}
